// Vitest Snapshot v1

exports[`<FiIconsCircle /> > reactive props > #0CDC73 1`] = `"0cdc73"`;
